[2026-02-05 02:31:51] local.INFO: ApiCheckController:check - Start processing request. {"user_id":"329425502","zone_id":"9148","game":"Mobile Legends"} 
[2026-02-05 02:31:51] local.INFO: ApiCheckController:check - Parsed game name. {"original":"Mobile Legends","parsed":"mobile_legends"} 
[2026-02-05 02:31:51] local.INFO: ApiCheckController:connect - Sending data to external API. {"url":"https://api-cek-id-game-ten.vercel.app/api/check-id-game","data":"{\"type_name\":\"mobile_legends\",\"userId\":\"329425502\",\"zoneId\":\"9148\"}"} 
[2026-02-05 02:31:54] local.INFO: ApiCheckController:connect - Received response from external API. {"http_code":200,"response_body":"{\"message\":\"Success Requesting to API\",\"nickname\":\"Suzura%7cwise\",\"server_time\":\"2026-02-04 18:31:54\",\"status\":true,\"type_name\":\"MOBILE_LEGENDS\"}
"} 
[2026-02-05 02:31:54] local.INFO: ApiCheckController:check - User found successfully. {"nickname":"Suzura%7cwise","from_cache":true} 
[2026-02-05 02:32:12] local.INFO: ApiCheckController:check - Start processing request. {"user_id":"329425502","zone_id":"9148","game":"Mobile Legends"} 
[2026-02-05 02:32:12] local.INFO: ApiCheckController:check - Parsed game name. {"original":"Mobile Legends","parsed":"mobile_legends"} 
[2026-02-05 02:32:12] local.INFO: ApiCheckController:check - User found successfully. {"nickname":"Suzura%7cwise","from_cache":true} 
[2026-02-05 02:32:22] local.INFO: ApiCheckController:check - Start processing request. {"user_id":"329425502","zone_id":"9148","game":"Mobile Legends"} 
[2026-02-05 02:32:22] local.INFO: ApiCheckController:check - Parsed game name. {"original":"Mobile Legends","parsed":"mobile_legends"} 
[2026-02-05 02:32:22] local.INFO: ApiCheckController:check - User found successfully. {"nickname":"Suzura%7cwise","from_cache":true} 
[2026-02-05 02:32:32] local.INFO: WhatsApp API (Fonnte) Response {"response":"{\"detail\":\"success! message in queue\",\"id\":[142160960],\"process\":\"pending\",\"quota\":{\"6287780901780\":{\"details\":\"deduced from total quota\",\"quota\":984,\"remaining\":983,\"used\":1}},\"requestid\":368515561,\"status\":true,\"target\":[\"6285792464508\"]}"} 
[2026-02-05 02:36:15] local.INFO: WhatsApp API (Fonnte) Response {"response":"{\"detail\":\"success! message in queue\",\"id\":[142161162],\"process\":\"pending\",\"quota\":{\"6287780901780\":{\"details\":\"deduced from total quota\",\"quota\":983,\"remaining\":982,\"used\":1}},\"requestid\":368517978,\"status\":true,\"target\":[\"6287780901780\"]}"} 
[2026-02-05 02:36:16] local.INFO: WhatsApp API (Fonnte) Response {"response":"{\"detail\":\"success! message in queue\",\"id\":[142161163],\"process\":\"pending\",\"quota\":{\"6287780901780\":{\"details\":\"deduced from total quota\",\"quota\":982,\"remaining\":981,\"used\":1}},\"requestid\":368517981,\"status\":true,\"target\":[\"6285792464508\"]}"} 
[2026-02-05 02:36:16] local.INFO: TriPay Callback routed to digiflazz with SKU ML10  
[2026-02-05 02:36:17] local.INFO: DigiFlazz Request to /v1/transaction {"data":{"username":"joxeheDRnYLD","buyer_sku_code":"ML10","customer_no":"3294255029148","ref_id":"8983","testing":true,"sign":"408f93d5f610c20bfdf72aa968ccf6b2"},"status":400,"body":"{\"data\":{\"ref_id\":\"8983\",\"customer_no\":\"3294255029148\",\"buyer_sku_code\":\"ML10\",\"message\":\"IP Anda tidak kami kenali: 114.10.11.72\",\"status\":\"Gagal\",\"rc\":\"45\",\"sn\":\"\"}}"} 
[2026-02-05 02:36:17] local.INFO: Tripay Callback DigiFlazz Order {"order":{"data":{"ref_id":"8983","customer_no":"3294255029148","buyer_sku_code":"ML10","message":"IP Anda tidak kami kenali: 114.10.11.72","status":"Gagal","rc":"45","sn":""}}} 
[2026-02-05 02:53:15] local.INFO: ApiCheckController:check - Start processing request. {"user_id":"329425502","zone_id":"9148","game":"Mobile Legends"} 
[2026-02-05 02:53:15] local.INFO: ApiCheckController:check - Parsed game name. {"original":"Mobile Legends","parsed":"mobile_legends"} 
[2026-02-05 02:53:15] local.INFO: ApiCheckController:connect - Sending data to external API. {"url":"https://api-cek-id-game-ten.vercel.app/api/check-id-game","data":"{\"type_name\":\"mobile_legends\",\"userId\":\"329425502\",\"zoneId\":\"9148\"}"} 
[2026-02-05 02:53:19] local.INFO: ApiCheckController:connect - Received response from external API. {"http_code":200,"response_body":"{\"message\":\"Success Requesting to API\",\"nickname\":\"Suzura%7cwise\",\"server_time\":\"2026-02-04 18:53:18\",\"status\":true,\"type_name\":\"MOBILE_LEGENDS\"}
"} 
[2026-02-05 02:53:19] local.INFO: ApiCheckController:check - User found successfully. {"nickname":"Suzura%7cwise","from_cache":true} 
[2026-02-05 02:53:32] local.INFO: ApiCheckController:check - Start processing request. {"user_id":"329425502","zone_id":"9148","game":"Mobile Legends"} 
[2026-02-05 02:53:32] local.INFO: ApiCheckController:check - Parsed game name. {"original":"Mobile Legends","parsed":"mobile_legends"} 
[2026-02-05 02:53:32] local.INFO: ApiCheckController:check - User found successfully. {"nickname":"Suzura%7cwise","from_cache":true} 
[2026-02-05 02:53:39] local.INFO: WhatsApp API (Fonnte) Response {"response":"{\"detail\":\"success! message in queue\",\"id\":[142161562],\"process\":\"pending\",\"quota\":{\"6287780901780\":{\"details\":\"deduced from total quota\",\"quota\":981,\"remaining\":980,\"used\":1}},\"requestid\":368527090,\"status\":true,\"target\":[\"62857924764508\"]}"} 
[2026-02-05 02:54:18] local.INFO: WhatsApp API (Fonnte) Response {"response":"{\"detail\":\"success! message in queue\",\"id\":[142161579],\"process\":\"pending\",\"quota\":{\"6287780901780\":{\"details\":\"deduced from total quota\",\"quota\":980,\"remaining\":979,\"used\":1}},\"requestid\":368527575,\"status\":true,\"target\":[\"6287780901780\"]}"} 
[2026-02-05 02:54:19] local.INFO: WhatsApp API (Fonnte) Response {"response":"{\"detail\":\"success! message in queue\",\"id\":[142161580],\"process\":\"pending\",\"quota\":{\"6287780901780\":{\"details\":\"deduced from total quota\",\"quota\":979,\"remaining\":978,\"used\":1}},\"requestid\":368527576,\"status\":true,\"target\":[\"62857924764508\"]}"} 
[2026-02-05 02:54:19] local.INFO: TriPay Callback routed to digiflazz with SKU ML10  
[2026-02-05 02:54:20] local.INFO: DigiFlazz Request to /v1/transaction {"data":{"username":"joxeheDRnYLD","buyer_sku_code":"ML10","customer_no":"3294255029148","ref_id":"3308","testing":true,"sign":"d2d1f6c307c823362a4de1a799076713"},"status":400,"body":"{\"data\":{\"ref_id\":\"3308\",\"customer_no\":\"3294255029148\",\"buyer_sku_code\":\"ML10\",\"message\":\"IP Anda tidak kami kenali: 114.10.11.72\",\"status\":\"Gagal\",\"rc\":\"45\",\"sn\":\"\"}}"} 
[2026-02-05 02:54:20] local.INFO: Tripay Callback DigiFlazz Order {"order":{"data":{"ref_id":"3308","customer_no":"3294255029148","buyer_sku_code":"ML10","message":"IP Anda tidak kami kenali: 114.10.11.72","status":"Gagal","rc":"45","sn":""}}} 
[2026-02-05 03:06:22] local.INFO: ApiCheckController:check - Start processing request. {"user_id":"329425502","zone_id":"9148","game":"Mobile Legends"} 
[2026-02-05 03:06:22] local.INFO: ApiCheckController:check - Parsed game name. {"original":"Mobile Legends","parsed":"mobile_legends"} 
[2026-02-05 03:06:22] local.INFO: ApiCheckController:connect - Sending data to external API. {"url":"https://api-cek-id-game-ten.vercel.app/api/check-id-game","data":"{\"type_name\":\"mobile_legends\",\"userId\":\"329425502\",\"zoneId\":\"9148\"}"} 
[2026-02-05 03:06:26] local.INFO: ApiCheckController:connect - Received response from external API. {"http_code":200,"response_body":"{\"message\":\"Success Requesting to API\",\"nickname\":\"Suzura%7cwise\",\"server_time\":\"2026-02-04 19:06:25\",\"status\":true,\"type_name\":\"MOBILE_LEGENDS\"}
"} 
[2026-02-05 03:06:26] local.INFO: ApiCheckController:check - User found successfully. {"nickname":"Suzura%7cwise","from_cache":true} 
[2026-02-05 03:06:37] local.INFO: ApiCheckController:check - Start processing request. {"user_id":"329425502","zone_id":"9148","game":"Mobile Legends"} 
[2026-02-05 03:06:37] local.INFO: ApiCheckController:check - Parsed game name. {"original":"Mobile Legends","parsed":"mobile_legends"} 
[2026-02-05 03:06:37] local.INFO: ApiCheckController:check - User found successfully. {"nickname":"Suzura%7cwise","from_cache":true} 
[2026-02-05 03:06:44] local.INFO: WhatsApp API (Fonnte) Response {"response":"{\"detail\":\"success! message in queue\",\"id\":[142161969],\"process\":\"pending\",\"quota\":{\"6287780901780\":{\"details\":\"deduced from total quota\",\"quota\":978,\"remaining\":977,\"used\":1}},\"requestid\":368534653,\"status\":true,\"target\":[\"6285792464508\"]}"} 
[2026-02-05 19:22:22] local.INFO: ApiCheckController:check - Start processing request. {"user_id":"329425502","zone_id":"9148","game":"Mobile Legends"} 
[2026-02-05 19:22:22] local.INFO: ApiCheckController:check - Parsed game name. {"original":"Mobile Legends","parsed":"mobile_legends"} 
[2026-02-05 19:22:22] local.INFO: ApiCheckController:connect - Sending data to external API. {"url":"https://api-cek-id-game-ten.vercel.app/api/check-id-game","data":"{\"type_name\":\"mobile_legends\",\"userId\":\"329425502\",\"zoneId\":\"9148\"}"} 
[2026-02-05 19:22:25] local.INFO: ApiCheckController:connect - Received response from external API. {"http_code":200,"response_body":"{\"message\":\"Success Requesting to API\",\"nickname\":\"Suzura%7cwise\",\"server_time\":\"2026-02-05 11:22:26\",\"status\":true,\"type_name\":\"MOBILE_LEGENDS\"}
"} 
[2026-02-05 19:22:25] local.INFO: ApiCheckController:check - User found successfully. {"nickname":"Suzura%7cwise","from_cache":true} 
[2026-02-05 19:22:31] local.INFO: ApiCheckController:check - Start processing request. {"user_id":"329425502","zone_id":"9148","game":"Mobile Legends"} 
[2026-02-05 19:22:31] local.INFO: ApiCheckController:check - Parsed game name. {"original":"Mobile Legends","parsed":"mobile_legends"} 
[2026-02-05 19:22:31] local.INFO: ApiCheckController:check - User found successfully. {"nickname":"Suzura%7cwise","from_cache":true} 
[2026-02-05 19:22:43] local.INFO: WhatsApp API (Fonnte) Response {"response":"{\"detail\":\"success! message in queue\",\"id\":[142305917],\"process\":\"pending\",\"quota\":{\"6287780901780\":{\"details\":\"deduced from total quota\",\"quota\":977,\"remaining\":976,\"used\":1}},\"requestid\":369760843,\"status\":true,\"target\":[\"6285792464508\"]}"} 
[2026-02-05 19:25:48] local.INFO: WhatsApp API (Fonnte) Response {"response":"{\"detail\":\"success! message in queue\",\"id\":[142306256],\"process\":\"pending\",\"quota\":{\"6287780901780\":{\"details\":\"deduced from total quota\",\"quota\":976,\"remaining\":975,\"used\":1}},\"requestid\":369763585,\"status\":true,\"target\":[\"6287780901780\"]}"} 
[2026-02-05 19:25:49] local.INFO: WhatsApp API (Fonnte) Response {"response":"{\"detail\":\"success! message in queue\",\"id\":[142306258],\"process\":\"pending\",\"quota\":{\"6287780901780\":{\"details\":\"deduced from total quota\",\"quota\":975,\"remaining\":974,\"used\":1}},\"requestid\":369763592,\"status\":true,\"target\":[\"6285792464508\"]}"} 
[2026-02-05 19:25:50] local.INFO: TriPay Callback routed to digiflazz with SKU ML10  
[2026-02-05 19:25:51] local.INFO: DigiFlazz Request to /v1/transaction {"data":{"username":"joxeheDRnYLD","buyer_sku_code":"ML10","customer_no":"3294255029148","ref_id":"2736","testing":true,"sign":"fd0ce01b3d781224d2aad3a1a533fc2a"},"status":200,"body":"{\"data\":{\"ref_id\":\"2736\",\"customer_no\":\"3294255029148\",\"buyer_sku_code\":\"ML10\",\"message\":\"\",\"status\":\"Pending\",\"rc\":\"\",\"buyer_last_saldo\":990000,\"sn\":\"\",\"price\":10000,\"tele\":\"@telegram\",\"wa\":\"081234512345\"}}"} 
[2026-02-05 19:25:51] local.INFO: Tripay Callback DigiFlazz Order {"order":{"data":{"ref_id":"2736","customer_no":"3294255029148","buyer_sku_code":"ML10","message":"","status":"Pending","rc":"","buyer_last_saldo":990000,"sn":"","price":10000,"tele":"@telegram","wa":"081234512345"}}} 
[2026-02-05 19:25:52] local.INFO: WhatsApp API (Fonnte) Response {"response":"{\"detail\":\"success! message in queue\",\"id\":[142306263],\"process\":\"pending\",\"quota\":{\"6287780901780\":{\"details\":\"deduced from total quota\",\"quota\":974,\"remaining\":973,\"used\":1}},\"requestid\":369763612,\"status\":true,\"target\":[\"6287780901780\"]}"} 
[2026-02-05 19:25:53] local.INFO: WhatsApp API (Fonnte) Response {"response":"{\"detail\":\"success! message in queue\",\"id\":[142306265],\"process\":\"pending\",\"quota\":{\"6287780901780\":{\"details\":\"deduced from total quota\",\"quota\":973,\"remaining\":972,\"used\":1}},\"requestid\":369763625,\"status\":true,\"target\":[\"6285792464508\"]}"} 
[2026-02-05 19:26:18] local.INFO: WhatsApp API (Fonnte) Response {"response":"{\"detail\":\"success! message in queue\",\"id\":[142306296],\"process\":\"pending\",\"quota\":{\"6287780901780\":{\"details\":\"deduced from total quota\",\"quota\":972,\"remaining\":971,\"used\":1}},\"requestid\":369764240,\"status\":true,\"target\":[\"6287780901780\"]}"} 
[2026-02-05 19:26:19] local.INFO: WhatsApp API (Fonnte) Response {"response":"{\"detail\":\"success! message in queue\",\"id\":[142306298],\"process\":\"pending\",\"quota\":{\"6287780901780\":{\"details\":\"deduced from total quota\",\"quota\":971,\"remaining\":970,\"used\":1}},\"requestid\":369764250,\"status\":true,\"target\":[\"6285792464508\"]}"} 
[2026-02-05 19:26:19] local.INFO: TriPay Callback routed to digiflazz with SKU ML10  
[2026-02-05 19:26:20] local.INFO: DigiFlazz Request to /v1/transaction {"data":{"username":"joxeheDRnYLD","buyer_sku_code":"ML10","customer_no":"3294255029148","ref_id":"5998","testing":true,"sign":"8b51b427e06b3220455e706c11d7d012"},"status":200,"body":"{\"data\":{\"ref_id\":\"5998\",\"customer_no\":\"3294255029148\",\"buyer_sku_code\":\"ML10\",\"message\":\"\",\"status\":\"Pending\",\"rc\":\"\",\"buyer_last_saldo\":990000,\"sn\":\"\",\"price\":10000,\"tele\":\"@telegram\",\"wa\":\"081234512345\"}}"} 
[2026-02-05 19:26:20] local.INFO: Tripay Callback DigiFlazz Order {"order":{"data":{"ref_id":"5998","customer_no":"3294255029148","buyer_sku_code":"ML10","message":"","status":"Pending","rc":"","buyer_last_saldo":990000,"sn":"","price":10000,"tele":"@telegram","wa":"081234512345"}}} 
[2026-02-05 19:26:22] local.INFO: WhatsApp API (Fonnte) Response {"response":"{\"detail\":\"success! message in queue\",\"id\":[142306303],\"process\":\"pending\",\"quota\":{\"6287780901780\":{\"details\":\"deduced from total quota\",\"quota\":970,\"remaining\":969,\"used\":1}},\"requestid\":369764262,\"status\":true,\"target\":[\"6287780901780\"]}"} 
[2026-02-05 19:26:23] local.INFO: WhatsApp API (Fonnte) Response {"response":"{\"detail\":\"success! message in queue\",\"id\":[142306305],\"process\":\"pending\",\"quota\":{\"6287780901780\":{\"details\":\"deduced from total quota\",\"quota\":969,\"remaining\":968,\"used\":1}},\"requestid\":369764265,\"status\":true,\"target\":[\"6285792464508\"]}"} 
