[2026-01-06 00:37:56] local.INFO: ApiCheckController:check - Start processing request. {"user_id":"329425502","zone_id":"9148","game":"Mobile Legends"} 
[2026-01-06 00:37:56] local.INFO: ApiCheckController:check - Parsed game name. {"original":"Mobile Legends","parsed":"mobile_legends"} 
[2026-01-06 00:37:56] local.INFO: ApiCheckController:check - User found successfully. {"nickname":"Suzura%7cwise","from_cache":true} 
[2026-01-06 00:37:58] local.INFO: User Balance Deducted {"user":{"App\\Models\\User":{"id":352,"name":"Budi Platinum","username":"budi_platinum","email":"budi.platinum@example.com","api_key":"aGLTansMrLUm0rIya4j74mHgPBDrJpJA","no_wa":"081234567891","balance":209132,"role":"Platinum","idgame":null,"servergame":null,"idgame2":null,"otp":null,"google2fa_secret":null,"created_at":"2025-10-16T04:03:20.000000Z","updated_at":"2026-01-05T16:36:30.000000Z"}},"dataLayanan":{"App\\Models\\Layanan":{"layanan":"5 Diamond Mobile Legend","harga":1488,"kategori_id":"1","provider_id":"ML5","provider":"digiflazz","profit":4,"is_flash_sale":0,"expired_flash_sale":"1970-01-01 07:30:00","harga_flash_sale":0,"stock_flash_sale":0}}} 
[2026-01-06 00:37:58] local.INFO: sign {"sign":"52eae85440d704142de3700d7df34c78","api":{"stdClass":{"id":1,"judul_web":"Egy Market","deskripsi_web":"Egy Market Digital Solutions.","keywords":"egystore,egystore topup,egystore game,topup game murah egystore,beli diamond murah egystore,topup game termurah,harga diamond murah,voucher game diskon,promo topup game,topup aman harga terjangkau,situs topup game terpercaya,topup game aman dan cepat,egystore garansi resmi","logo_header":"/assets/logo/Group of 13 Objects.png","logo_footer":"/assets/logo/wave.png","logo_favicon":"/assets/logo/Group of 3 Objects (2).jpg","url_wa":"https://wa.me/6282189093949","url_ig":"https://www.instagram.com/egymaulana1404","url_tiktok":"https://www.tiktok.com/","url_youtube":"https://www.youtube.com/","url_fb":"https://www.facebook.com/","topupindo_api":"","apikey_bangjeff":"","apikey_aoshi":"","api_mobilegamestore":"","warna1":"#222222","warna2":"#d06800","warna3":"#ffa54a","warna4":"#ff8040","paydisini_apikey":"","tripay_api":"DEV-8Hr5Y0sSasNSTUh1hampwpt0b6NA7SKv7SUJNq4B","tripay_merchant_code":"T39664","tripay_private_key":"7oQLf-durdY-N93wS-bnMGU-os3ef","tokopay_merchant_id":"M250731FZTHJ366","tokopay_secret_key":"558d0798dcd59a401925957a936d27998ee970b97210b70f608d9f7a9aa95e67","username_digi":"joxeheDRnYLD","api_key_digi":"dev-5e4902a0-2435-11f0-86c0-4b819713bd92","apigames_secret":"-","apigames_merchant":"-","vip_apiid":"","vip_apikey":"","nomor_admin":null,"wa_key":"Gv7soQHoPiqNAniGMiJJ","wa_number":"6282189093929","ovo_admin":"-","ovo1_admin":"-","gopay_admin":"-","gopay1_admin":"-","dana_admin":"-","shopeepay_admin":"-","bca_admin":"-","order_prefik":"EM","profit_public":10,"profit_member":10,"profit_platinum":10,"profit_gold":10,"created_at":"2025-08-16 00:10:29","updated_at":"2025-08-16 00:10:29"}},"order_id":"WEJIZYXzFRpu9SPJED0GhChP"} 
[2026-01-06 00:37:59] local.INFO: Provider Result {"providerResult":{"status":false,"provider_order_id":"WEJIZYXzFRpu9SPJED0GhChP","order_data":{"data":{"ref_id":"WEJIZYXzFRpu9SPJED0GhChP","customer_no":"3294255029148","buyer_sku_code":"ML5","message":"IP Anda tidak kami kenali: 114.10.20.188","status":"Gagal","rc":"45","sn":""}}},"dataLayanan":{"App\\Models\\Layanan":{"layanan":"5 Diamond Mobile Legend","harga":1488,"kategori_id":"1","provider_id":"ML5","provider":"digiflazz","profit":4,"is_flash_sale":0,"expired_flash_sale":"1970-01-01 07:30:00","harga_flash_sale":0,"stock_flash_sale":0}}} 
[2026-01-06 00:39:55] local.INFO: ApiCheckController:check - Start processing request. {"user_id":"329425502","zone_id":"9148","game":"Mobile Legends"} 
[2026-01-06 00:39:55] local.INFO: ApiCheckController:check - Parsed game name. {"original":"Mobile Legends","parsed":"mobile_legends"} 
[2026-01-06 00:39:55] local.INFO: ApiCheckController:check - User found successfully. {"nickname":"Suzura%7cwise","from_cache":true} 
[2026-01-06 00:39:57] local.INFO: User Balance Deducted {"user":{"App\\Models\\User":{"id":352,"name":"Budi Platinum","username":"budi_platinum","email":"budi.platinum@example.com","api_key":"aGLTansMrLUm0rIya4j74mHgPBDrJpJA","no_wa":"081234567891","balance":207644,"role":"Platinum","idgame":null,"servergame":null,"idgame2":null,"otp":null,"google2fa_secret":null,"created_at":"2025-10-16T04:03:20.000000Z","updated_at":"2026-01-05T16:37:58.000000Z"}},"dataLayanan":{"App\\Models\\Layanan":{"layanan":"5 Diamond Mobile Legend","harga":1488,"kategori_id":"1","provider_id":"ML5","provider":"digiflazz","profit":4,"is_flash_sale":0,"expired_flash_sale":"1970-01-01 07:30:00","harga_flash_sale":0,"stock_flash_sale":0}}} 
[2026-01-06 00:39:57] local.INFO: sign {"sign":"4a00afaff2f62276659b9f34d9fbde5c","api":{"stdClass":{"id":1,"judul_web":"Egy Market","deskripsi_web":"Egy Market Digital Solutions.","keywords":"egystore,egystore topup,egystore game,topup game murah egystore,beli diamond murah egystore,topup game termurah,harga diamond murah,voucher game diskon,promo topup game,topup aman harga terjangkau,situs topup game terpercaya,topup game aman dan cepat,egystore garansi resmi","logo_header":"/assets/logo/Group of 13 Objects.png","logo_footer":"/assets/logo/wave.png","logo_favicon":"/assets/logo/Group of 3 Objects (2).jpg","url_wa":"https://wa.me/6282189093949","url_ig":"https://www.instagram.com/egymaulana1404","url_tiktok":"https://www.tiktok.com/","url_youtube":"https://www.youtube.com/","url_fb":"https://www.facebook.com/","topupindo_api":"","apikey_bangjeff":"","apikey_aoshi":"","api_mobilegamestore":"","warna1":"#222222","warna2":"#d06800","warna3":"#ffa54a","warna4":"#ff8040","paydisini_apikey":"","tripay_api":"DEV-8Hr5Y0sSasNSTUh1hampwpt0b6NA7SKv7SUJNq4B","tripay_merchant_code":"T39664","tripay_private_key":"7oQLf-durdY-N93wS-bnMGU-os3ef","tokopay_merchant_id":"M250731FZTHJ366","tokopay_secret_key":"558d0798dcd59a401925957a936d27998ee970b97210b70f608d9f7a9aa95e67","username_digi":"joxeheDRnYLD","api_key_digi":"dev-5e4902a0-2435-11f0-86c0-4b819713bd92","apigames_secret":"-","apigames_merchant":"-","vip_apiid":"","vip_apikey":"","nomor_admin":null,"wa_key":"Gv7soQHoPiqNAniGMiJJ","wa_number":"6282189093929","ovo_admin":"-","ovo1_admin":"-","gopay_admin":"-","gopay1_admin":"-","dana_admin":"-","shopeepay_admin":"-","bca_admin":"-","order_prefik":"EM","profit_public":10,"profit_member":10,"profit_platinum":10,"profit_gold":10,"created_at":"2025-08-16 00:10:29","updated_at":"2025-08-16 00:10:29"}},"order_id":"WEJIZYTY6yE7xzZUtHgFFkNX"} 
[2026-01-06 00:39:58] local.INFO: Provider Result {"providerResult":{"status":false,"provider_order_id":"WEJIZYTY6yE7xzZUtHgFFkNX","order_data":{"data":{"ref_id":"WEJIZYTY6yE7xzZUtHgFFkNX","customer_no":"3294255029148","buyer_sku_code":"ML5","message":"Signature Anda salah","status":"Gagal","rc":"41","sn":""}}},"dataLayanan":{"App\\Models\\Layanan":{"layanan":"5 Diamond Mobile Legend","harga":1488,"kategori_id":"1","provider_id":"ML5","provider":"digiflazz","profit":4,"is_flash_sale":0,"expired_flash_sale":"1970-01-01 07:30:00","harga_flash_sale":0,"stock_flash_sale":0}}} 
[2026-01-06 00:41:00] local.INFO: ApiCheckController:check - Start processing request. {"user_id":"329425502","zone_id":"9148","game":"Mobile Legends"} 
[2026-01-06 00:41:00] local.INFO: ApiCheckController:check - Parsed game name. {"original":"Mobile Legends","parsed":"mobile_legends"} 
[2026-01-06 00:41:00] local.INFO: ApiCheckController:check - User found successfully. {"nickname":"Suzura%7cwise","from_cache":true} 
[2026-01-06 00:41:03] local.INFO: User Balance Deducted {"user":{"App\\Models\\User":{"id":352,"name":"Budi Platinum","username":"budi_platinum","email":"budi.platinum@example.com","api_key":"aGLTansMrLUm0rIya4j74mHgPBDrJpJA","no_wa":"081234567891","balance":206156,"role":"Platinum","idgame":null,"servergame":null,"idgame2":null,"otp":null,"google2fa_secret":null,"created_at":"2025-10-16T04:03:20.000000Z","updated_at":"2026-01-05T16:39:57.000000Z"}},"dataLayanan":{"App\\Models\\Layanan":{"layanan":"5 Diamond Mobile Legend","harga":1488,"kategori_id":"1","provider_id":"ML5","provider":"digiflazz","profit":4,"is_flash_sale":0,"expired_flash_sale":"1970-01-01 07:30:00","harga_flash_sale":0,"stock_flash_sale":0}}} 
[2026-01-06 00:41:03] local.INFO: sign {"sign":"d5cbe3d37ad0c6aeb68e43278ee33bd5","api":{"stdClass":{"id":1,"judul_web":"Egy Market","deskripsi_web":"Egy Market Digital Solutions.","keywords":"egystore,egystore topup,egystore game,topup game murah egystore,beli diamond murah egystore,topup game termurah,harga diamond murah,voucher game diskon,promo topup game,topup aman harga terjangkau,situs topup game terpercaya,topup game aman dan cepat,egystore garansi resmi","logo_header":"/assets/logo/Group of 13 Objects.png","logo_footer":"/assets/logo/wave.png","logo_favicon":"/assets/logo/Group of 3 Objects (2).jpg","url_wa":"https://wa.me/6282189093949","url_ig":"https://www.instagram.com/egymaulana1404","url_tiktok":"https://www.tiktok.com/","url_youtube":"https://www.youtube.com/","url_fb":"https://www.facebook.com/","topupindo_api":"","apikey_bangjeff":"","apikey_aoshi":"","api_mobilegamestore":"","warna1":"#222222","warna2":"#d06800","warna3":"#ffa54a","warna4":"#ff8040","paydisini_apikey":"","tripay_api":"DEV-8Hr5Y0sSasNSTUh1hampwpt0b6NA7SKv7SUJNq4B","tripay_merchant_code":"T39664","tripay_private_key":"7oQLf-durdY-N93wS-bnMGU-os3ef","tokopay_merchant_id":"M250731FZTHJ366","tokopay_secret_key":"558d0798dcd59a401925957a936d27998ee970b97210b70f608d9f7a9aa95e67","username_digi":"joxeheDRnYLD","api_key_digi":"dev-5e4902a0-2435-11f0-86c0-4b819713bd92","apigames_secret":"-","apigames_merchant":"-","vip_apiid":"","vip_apikey":"","nomor_admin":null,"wa_key":"Gv7soQHoPiqNAniGMiJJ","wa_number":"6282189093929","ovo_admin":"-","ovo1_admin":"-","gopay_admin":"-","gopay1_admin":"-","dana_admin":"-","shopeepay_admin":"-","bca_admin":"-","order_prefik":"EM","profit_public":10,"profit_member":10,"profit_platinum":10,"profit_gold":10,"created_at":"2025-08-16 00:10:29","updated_at":"2025-08-16 00:10:29"}},"order_id":"WEJIZY4v5kn0IWpttrxHxsBf"} 
[2026-01-06 00:41:04] local.INFO: Provider Result {"providerResult":{"status":false,"provider_order_id":"WEJIZY4v5kn0IWpttrxHxsBf","order_data":{"data":{"ref_id":"WEJIZY4v5kn0IWpttrxHxsBf","customer_no":"3294255029148","buyer_sku_code":"ML5","message":"Signature Anda salah","status":"Gagal","rc":"41","sn":""}}},"dataLayanan":{"App\\Models\\Layanan":{"layanan":"5 Diamond Mobile Legend","harga":1488,"kategori_id":"1","provider_id":"ML5","provider":"digiflazz","profit":4,"is_flash_sale":0,"expired_flash_sale":"1970-01-01 07:30:00","harga_flash_sale":0,"stock_flash_sale":0}}} 
[2026-01-06 00:56:37] local.INFO: ApiCheckController:check - Start processing request. {"user_id":"329425502","zone_id":"9148","game":"Mobile Legends"} 
[2026-01-06 00:56:37] local.INFO: ApiCheckController:check - Parsed game name. {"original":"Mobile Legends","parsed":"mobile_legends"} 
[2026-01-06 00:56:37] local.INFO: ApiCheckController:connect - Sending data to external API. {"url":"https://api-cek-id-game-ten.vercel.app/api/check-id-game","data":"{\"type_name\":\"mobile_legends\",\"userId\":\"329425502\",\"zoneId\":\"9148\"}"} 
[2026-01-06 00:56:40] local.INFO: ApiCheckController:connect - Received response from external API. {"http_code":200,"response_body":"{\"message\":\"Success Requesting to API\",\"nickname\":\"Suzura%7cwise\",\"server_time\":\"2026-01-05 16:56:42\",\"status\":true,\"type_name\":\"MOBILE_LEGENDS\"}
"} 
[2026-01-06 00:56:40] local.INFO: ApiCheckController:check - User found successfully. {"nickname":"Suzura%7cwise","from_cache":true} 
[2026-01-06 00:56:50] local.INFO: ApiCheckController:check - Start processing request. {"user_id":"329425502","zone_id":"9148","game":"Mobile Legends"} 
[2026-01-06 00:56:50] local.INFO: ApiCheckController:check - Parsed game name. {"original":"Mobile Legends","parsed":"mobile_legends"} 
[2026-01-06 00:56:50] local.INFO: ApiCheckController:check - User found successfully. {"nickname":"Suzura%7cwise","from_cache":true} 
[2026-01-06 00:56:52] local.INFO: User Balance Deducted {"user":{"App\\Models\\User":{"id":352,"name":"Budi Platinum","username":"budi_platinum","email":"budi.platinum@example.com","api_key":"aGLTansMrLUm0rIya4j74mHgPBDrJpJA","no_wa":"081234567891","balance":177218,"role":"Platinum","idgame":null,"servergame":null,"idgame2":null,"otp":null,"google2fa_secret":null,"created_at":"2025-10-16T04:03:20.000000Z","updated_at":"2026-01-05T16:41:03.000000Z"}},"dataLayanan":{"App\\Models\\Layanan":{"layanan":"WEEKLY DIAMOND PASS","harga":28938,"kategori_id":"1","provider_id":"MLWEEK1","provider":"digiflazz","profit":6,"is_flash_sale":0,"expired_flash_sale":"1970-01-01 07:30:00","harga_flash_sale":0,"stock_flash_sale":0}}} 
[2026-01-06 00:56:52] local.INFO: sign {"sign":"d6d6583355bbea216f9080e669835051","api":{"stdClass":{"id":1,"judul_web":"Egy Market","deskripsi_web":"Egy Market Digital Solutions.","keywords":"egystore,egystore topup,egystore game,topup game murah egystore,beli diamond murah egystore,topup game termurah,harga diamond murah,voucher game diskon,promo topup game,topup aman harga terjangkau,situs topup game terpercaya,topup game aman dan cepat,egystore garansi resmi","logo_header":"/assets/logo/Group of 13 Objects.png","logo_footer":"/assets/logo/wave.png","logo_favicon":"/assets/logo/Group of 3 Objects (2).jpg","url_wa":"https://wa.me/6282189093949","url_ig":"https://www.instagram.com/egymaulana1404","url_tiktok":"https://www.tiktok.com/","url_youtube":"https://www.youtube.com/","url_fb":"https://www.facebook.com/","topupindo_api":"","apikey_bangjeff":"","apikey_aoshi":"","api_mobilegamestore":"","warna1":"#222222","warna2":"#d06800","warna3":"#ffa54a","warna4":"#ff8040","paydisini_apikey":"","tripay_api":"DEV-8Hr5Y0sSasNSTUh1hampwpt0b6NA7SKv7SUJNq4B","tripay_merchant_code":"T39664","tripay_private_key":"7oQLf-durdY-N93wS-bnMGU-os3ef","tokopay_merchant_id":"M250731FZTHJ366","tokopay_secret_key":"558d0798dcd59a401925957a936d27998ee970b97210b70f608d9f7a9aa95e67","username_digi":"joxeheDRnYLD","api_key_digi":"dev-5e4902a0-2435-11f0-86c0-4b819713bd92","apigames_secret":"-","apigames_merchant":"-","vip_apiid":"","vip_apikey":"","nomor_admin":null,"wa_key":"Gv7soQHoPiqNAniGMiJJ","wa_number":"6282189093929","ovo_admin":"-","ovo1_admin":"-","gopay_admin":"-","gopay1_admin":"-","dana_admin":"-","shopeepay_admin":"-","bca_admin":"-","order_prefik":"EM","profit_public":10,"profit_member":10,"profit_platinum":10,"profit_gold":10,"created_at":"2025-08-16 00:10:29","updated_at":"2025-08-16 00:10:29"}},"order_id":"WEJIZY8cYiIRTRl9hWcXmYTQ"} 
[2026-01-06 00:56:54] local.INFO: Provider Result {"providerResult":{"status":false,"provider_order_id":"WEJIZY8cYiIRTRl9hWcXmYTQ","order_data":{"data":{"ref_id":"WEJIZY8cYiIRTRl9hWcXmYTQ","customer_no":"3294255029148","buyer_sku_code":"MLWEEK1","message":"Signature Anda salah","status":"Gagal","rc":"41","sn":""}}},"dataLayanan":{"App\\Models\\Layanan":{"layanan":"WEEKLY DIAMOND PASS","harga":28938,"kategori_id":"1","provider_id":"MLWEEK1","provider":"digiflazz","profit":6,"is_flash_sale":0,"expired_flash_sale":"1970-01-01 07:30:00","harga_flash_sale":0,"stock_flash_sale":0}}} 
[2026-01-06 01:05:09] local.INFO: ApiCheckController:check - Start processing request. {"user_id":"329425502","zone_id":"9148","game":"Mobile Legends"} 
[2026-01-06 01:05:09] local.INFO: ApiCheckController:check - Parsed game name. {"original":"Mobile Legends","parsed":"mobile_legends"} 
[2026-01-06 01:05:09] local.INFO: ApiCheckController:check - User found successfully. {"nickname":"Suzura%7cwise","from_cache":true} 
[2026-01-06 01:11:04] local.INFO: ApiCheckController:check - Start processing request. {"user_id":"329425502","zone_id":"9148","game":"Mobile Legends"} 
[2026-01-06 01:11:04] local.INFO: ApiCheckController:check - Parsed game name. {"original":"Mobile Legends","parsed":"mobile_legends"} 
[2026-01-06 01:11:04] local.INFO: ApiCheckController:connect - Sending data to external API. {"url":"https://api-cek-id-game-ten.vercel.app/api/check-id-game","data":"{\"type_name\":\"mobile_legends\",\"userId\":\"329425502\",\"zoneId\":\"9148\"}"} 
[2026-01-06 01:11:08] local.INFO: ApiCheckController:connect - Received response from external API. {"http_code":200,"response_body":"{\"message\":\"Success Requesting to API\",\"nickname\":\"Suzura%7cwise\",\"server_time\":\"2026-01-05 17:11:10\",\"status\":true,\"type_name\":\"MOBILE_LEGENDS\"}
"} 
[2026-01-06 01:11:08] local.INFO: ApiCheckController:check - User found successfully. {"nickname":"Suzura%7cwise","from_cache":true} 
[2026-01-06 01:18:30] local.INFO: ApiCheckController:check - Start processing request. {"user_id":"329425502","zone_id":"9148","game":"Mobile Legends"} 
[2026-01-06 01:18:30] local.INFO: ApiCheckController:check - Parsed game name. {"original":"Mobile Legends","parsed":"mobile_legends"} 
[2026-01-06 01:18:30] local.INFO: ApiCheckController:check - User found successfully. {"nickname":"Suzura%7cwise","from_cache":true} 
[2026-01-06 01:19:51] local.INFO: ApiCheckController:check - Start processing request. {"user_id":"329425502","zone_id":"9148","game":"Mobile Legends"} 
[2026-01-06 01:19:51] local.INFO: ApiCheckController:check - Parsed game name. {"original":"Mobile Legends","parsed":"mobile_legends"} 
[2026-01-06 01:19:51] local.INFO: ApiCheckController:check - User found successfully. {"nickname":"Suzura%7cwise","from_cache":true} 
[2026-01-06 01:19:56] local.INFO: Digiflazz Order:  {"order":{"data":{"ref_id":"7416","customer_no":"3294255029148","buyer_sku_code":"MLWEEK1","message":"Signature Anda salah","status":"Gagal","rc":"41","sn":""}},"status":false} 
[2026-01-06 01:21:57] local.INFO: ApiCheckController:check - Start processing request. {"user_id":"329425502","zone_id":"9148","game":"Mobile Legends"} 
[2026-01-06 01:21:57] local.INFO: ApiCheckController:check - Parsed game name. {"original":"Mobile Legends","parsed":"mobile_legends"} 
[2026-01-06 01:21:57] local.INFO: ApiCheckController:connect - Sending data to external API. {"url":"https://api-cek-id-game-ten.vercel.app/api/check-id-game","data":"{\"type_name\":\"mobile_legends\",\"userId\":\"329425502\",\"zoneId\":\"9148\"}"} 
[2026-01-06 01:22:00] local.INFO: ApiCheckController:connect - Received response from external API. {"http_code":200,"response_body":"{\"message\":\"Success Requesting to API\",\"nickname\":\"Suzura%7cwise\",\"server_time\":\"2026-01-05 17:22:02\",\"status\":true,\"type_name\":\"MOBILE_LEGENDS\"}
"} 
[2026-01-06 01:22:00] local.INFO: ApiCheckController:check - User found successfully. {"nickname":"Suzura%7cwise","from_cache":true} 
[2026-01-06 01:22:10] local.INFO: ApiCheckController:check - Start processing request. {"user_id":"329425502","zone_id":"9148","game":"Mobile Legends"} 
[2026-01-06 01:22:10] local.INFO: ApiCheckController:check - Parsed game name. {"original":"Mobile Legends","parsed":"mobile_legends"} 
[2026-01-06 01:22:10] local.INFO: ApiCheckController:check - User found successfully. {"nickname":"Suzura%7cwise","from_cache":true} 
[2026-01-06 01:22:15] local.INFO: Digiflazz Order:  {"order":{"data":{"ref_id":"8640","customer_no":"3294255029148","buyer_sku_code":"MLWEEK1","message":"Signature Anda salah","status":"Gagal","rc":"41","sn":""}},"status":false} 
[2026-01-06 01:24:59] local.INFO: ApiCheckController:check - Start processing request. {"user_id":"329425502","zone_id":"9148","game":"Mobile Legends"} 
[2026-01-06 01:24:59] local.INFO: ApiCheckController:check - Parsed game name. {"original":"Mobile Legends","parsed":"mobile_legends"} 
[2026-01-06 01:24:59] local.INFO: ApiCheckController:check - User found successfully. {"nickname":"Suzura%7cwise","from_cache":true} 
[2026-01-06 01:25:03] local.INFO: Digiflazz Order:  {"order":{"data":{"ref_id":"EM0102EAKJ7ak6","customer_no":"3294255029148","buyer_sku_code":"ML45","message":"Signature Anda salah","status":"Gagal","rc":"41","sn":""}},"status":false} 
[2026-01-06 01:26:14] local.INFO: ApiCheckController:check - Start processing request. {"user_id":"329425502","zone_id":"9148","game":"Mobile Legends"} 
[2026-01-06 01:26:14] local.INFO: ApiCheckController:check - Parsed game name. {"original":"Mobile Legends","parsed":"mobile_legends"} 
[2026-01-06 01:26:14] local.INFO: ApiCheckController:check - User found successfully. {"nickname":"Suzura%7cwise","from_cache":true} 
[2026-01-06 01:26:17] local.INFO: Digiflazz Order:  {"order":{"data":{"ref_id":"EM0116We57tqff","customer_no":"3294255029148","buyer_sku_code":"ML45","message":"Transaksi Pending","status":"Pending","rc":"03","buyer_last_saldo":150838,"sn":"","price":12320,"tele":"@csdigisupply","wa":"085888812344"}},"status":true} 
[2026-01-06 01:42:48] local.INFO: ApiCheckController:check - Start processing request. {"user_id":"329425502","zone_id":"9148","game":"Mobile Legends"} 
[2026-01-06 01:42:48] local.INFO: ApiCheckController:check - Parsed game name. {"original":"Mobile Legends","parsed":"mobile_legends"} 
[2026-01-06 01:42:48] local.INFO: ApiCheckController:connect - Sending data to external API. {"url":"https://api-cek-id-game-ten.vercel.app/api/check-id-game","data":"{\"type_name\":\"mobile_legends\",\"userId\":\"329425502\",\"zoneId\":\"9148\"}"} 
[2026-01-06 01:42:50] local.INFO: ApiCheckController:connect - Received response from external API. {"http_code":200,"response_body":"{\"message\":\"Success Requesting to API\",\"nickname\":\"Suzura%7cwise\",\"server_time\":\"2026-01-05 17:42:51\",\"status\":true,\"type_name\":\"MOBILE_LEGENDS\"}
"} 
[2026-01-06 01:42:50] local.INFO: ApiCheckController:check - User found successfully. {"nickname":"Suzura%7cwise","from_cache":true} 
[2026-01-06 01:42:55] local.INFO: Digiflazz Order:  {"order":{"data":{"ref_id":"EM0154Dr1CR0DK","customer_no":"3294255029148","buyer_sku_code":"ML5","message":"","status":"Pending","rc":"","buyer_last_saldo":990000,"sn":"","price":10000,"tele":"@telegram","wa":"081234512345"}},"status":true} 
[2026-01-06 01:54:28] local.INFO: ApiCheckController:check - Start processing request. {"user_id":"329425502","zone_id":"9148","game":"Mobile Legends"} 
[2026-01-06 01:54:28] local.INFO: ApiCheckController:check - Parsed game name. {"original":"Mobile Legends","parsed":"mobile_legends"} 
[2026-01-06 01:54:28] local.INFO: ApiCheckController:connect - Sending data to external API. {"url":"https://api-cek-id-game-ten.vercel.app/api/check-id-game","data":"{\"type_name\":\"mobile_legends\",\"userId\":\"329425502\",\"zoneId\":\"9148\"}"} 
[2026-01-06 01:54:32] local.INFO: ApiCheckController:connect - Received response from external API. {"http_code":200,"response_body":"{\"message\":\"Success Requesting to API\",\"nickname\":\"Suzura%7cwise\",\"server_time\":\"2026-01-05 17:54:34\",\"status\":true,\"type_name\":\"MOBILE_LEGENDS\"}
"} 
[2026-01-06 01:54:32] local.INFO: ApiCheckController:check - User found successfully. {"nickname":"Suzura%7cwise","from_cache":true} 
[2026-01-06 01:54:38] local.INFO: Digiflazz Order:  {"order":{"data":{"ref_id":"EM0136qfojxvDg","customer_no":"3294255029148","buyer_sku_code":"ML5","message":"","status":"Pending","rc":"","buyer_last_saldo":990000,"sn":"","price":10000,"tele":"@telegram","wa":"081234512345"}},"status":true} 
[2026-01-06 01:55:51] local.INFO: ApiCheckController:check - Start processing request. {"user_id":"329425502","zone_id":"9148","game":"Mobile Legends"} 
[2026-01-06 01:55:51] local.INFO: ApiCheckController:check - Parsed game name. {"original":"Mobile Legends","parsed":"mobile_legends"} 
[2026-01-06 01:55:51] local.INFO: ApiCheckController:check - User found successfully. {"nickname":"Suzura%7cwise","from_cache":true} 
[2026-01-06 01:55:55] local.INFO: Digiflazz Order:  {"order":{"data":{"ref_id":"EM0154EulGkKMI","customer_no":"3294255029148","buyer_sku_code":"ML5","message":"","status":"Pending","rc":"","buyer_last_saldo":990000,"sn":"","price":10000,"tele":"@telegram","wa":"081234512345"}},"status":true} 
